// Jest Snapshot v1, https://goo.gl/fbAQLP

exports[`Image test Image outputed 1`] = `
<img
  class="Image"
  src="data:image/png;base64,iVBORw0KGgoAAAANSUhEUgAAAAEAAAABCAQAAAC1HAwCAAAAC0lEQVR42mNkMAYAADkANVKH3ScAAAAASUVORK5CYII="
/>
`;
